{
  "model": "LogisticRegression",
  "iteration": "iteration_4",
  "note": "LogisticRegression with constant-feature removal, degree-2 PolynomialFeatures, StandardScaler, and GridSearchCV over L1, L2, and Elastic Net regularization. Best params: {'classifier__C': 3.0, 'classifier__l1_ratio': None, 'classifier__penalty': 'l2'}.",
  "random_seed": 42,
  "test_size": 0.2,
  "labels": [
    "b",
    "g"
  ],
  "positive_label": "g",
  "data": {
    "sample_count": 351,
    "feature_count": 34,
    "label_counts": {
      "b": 126,
      "g": 225
    }
  },
  "single_split_metrics": {
    "model": "LogisticRegression",
    "iteration": "iteration_4",
    "seed": 42,
    "train_accuracy": 0.9928571428571429,
    "train_precision": 0.994413407821229,
    "train_recall": 0.994413407821229,
    "train_f1": 0.994413407821229,
    "train_roc_auc": 0.9998893744123015,
    "test_accuracy": 0.9577464788732394,
    "test_precision": 0.9387755102040817,
    "test_recall": 1.0,
    "test_f1": 0.968421052631579,
    "test_roc_auc": 0.9921739130434782
  },
  "cv_folds": 5,
  "repeated_seeds": [
    0,
    1,
    2,
    3,
    4
  ]
}
{
  "candidate_C_values": [
    0.001,
    0.003,
    0.01,
    0.03,
    0.1,
    0.3,
    1.0,
    3.0
  ],
  "candidate_l1_ratios_for_elasticnet": [
    0.2,
    0.5,
    0.8
  ],
  "polynomial_degree": 2,
  "include_bias": false,
  "selection_metric": "mean_test_macro_f1",
  "best_score_macro_f1": 0.9396139889032696,
  "best_params": {
    "classifier__C": 3.0,
    "classifier__l1_ratio": null,
    "classifier__penalty": "l2"
  },
  "transformed_feature_count": 594,
  "best_row": {
    "mean_fit_time": 1.6473527908325196,
    "std_fit_time": 0.6100361554221524,
    "mean_score_time": 0.047588443756103514,
    "std_score_time": 0.01802017530939723,
    "param_classifier__C": 3.0,
    "param_classifier__l1_ratio": null,
    "param_classifier__penalty": "l2",
    "params": {
      "classifier__C": 3.0,
      "classifier__l1_ratio": null,
      "classifier__penalty": "l2"
    },
    "split0_test_macro_f1": 0.9847015729368671,
    "split1_test_macro_f1": 0.9199267902081903,
    "split2_test_macro_f1": 0.9365942028985508,
    "split3_test_macro_f1": 0.9519560741249142,
    "split4_test_macro_f1": 0.9048913043478262,
    "mean_test_macro_f1": 0.9396139889032696,
    "std_test_macro_f1": 0.027523034078079805,
    "rank_test_macro_f1": 1,
    "split0_train_macro_f1": 0.9922222222222222,
    "split1_train_macro_f1": 1.0,
    "split2_train_macro_f1": 0.9922717271727173,
    "split3_train_macro_f1": 0.9922717271727173,
    "split4_train_macro_f1": 0.9922717271727173,
    "mean_train_macro_f1": 0.9938074807480749,
    "std_train_macro_f1": 0.0030963189891199112,
    "split0_test_f1_b": 0.9803921568627451,
    "split1_test_f1_b": 0.8936170212765957,
    "split2_test_f1_b": 0.9166666666666666,
    "split3_test_f1_b": 0.9361702127659575,
    "split4_test_f1_b": 0.875,
    "mean_test_f1_b": 0.920369211514393,
    "std_test_f1_b": 0.03644222683412651,
    "rank_test_f1_b": 1,
    "split0_train_f1_b": 0.99,
    "split1_train_f1_b": 1.0,
    "split2_train_f1_b": 0.9900990099009901,
    "split3_train_f1_b": 0.9900990099009901,
    "split4_train_f1_b": 0.9900990099009901,
    "mean_train_f1_b": 0.992059405940594,
    "std_train_f1_b": 0.003970482205997448,
    "split0_test_recall_b": 0.9615384615384616,
    "split1_test_recall_b": 0.84,
    "split2_test_recall_b": 0.88,
    "split3_test_recall_b": 0.88,
    "split4_test_recall_b": 0.84,
    "mean_test_recall_b": 0.8803076923076922,
    "std_test_recall_b": 0.04438028241748382,
    "rank_test_recall_b": 1,
    "split0_train_recall_b": 0.99,
    "split1_train_recall_b": 1.0,
    "split2_train_recall_b": 0.9900990099009901,
    "split3_train_recall_b": 0.9900990099009901,
    "split4_train_recall_b": 0.9900990099009901,
    "mean_train_recall_b": 0.992059405940594,
    "std_train_recall_b": 0.003970482205997448,
    "split0_test_accuracy": 0.9859154929577465,
    "split1_test_accuracy": 0.9285714285714286,
    "split2_test_accuracy": 0.9428571428571428,
    "split3_test_accuracy": 0.9571428571428572,
    "split4_test_accuracy": 0.9142857142857143,
    "mean_test_accuracy": 0.9457545271629779,
    "std_test_accuracy": 0.024643608218870985,
    "rank_test_accuracy": 1,
    "split0_train_accuracy": 0.9928571428571429,
    "split1_train_accuracy": 1.0,
    "split2_train_accuracy": 0.9928825622775801,
    "split3_train_accuracy": 0.9928825622775801,
    "split4_train_accuracy": 0.9928825622775801,
    "mean_train_accuracy": 0.9943009659379765,
    "std_train_accuracy": 0.0028495340377096643,
    "split0_test_roc_auc": 0.9991452991452991,
    "split1_test_roc_auc": 0.9635555555555555,
    "split2_test_roc_auc": 0.9902222222222223,
    "split3_test_roc_auc": 0.9697777777777777,
    "split4_test_roc_auc": 0.9644444444444444,
    "mean_test_roc_auc": 0.9774290598290598,
    "std_test_roc_auc": 0.014524989009287483,
    "rank_test_roc_auc": 16,
    "split0_train_roc_auc": 0.9990555555555555,
    "split1_train_roc_auc": 1.0,
    "split2_train_roc_auc": 0.9993949394939494,
    "split3_train_roc_auc": 0.9987898789878987,
    "split4_train_roc_auc": 0.9993949394939494,
    "mean_train_roc_auc": 0.9993270627062707,
    "std_train_roc_auc": 0.00040603980053101135
  }
}
